// Jest Snapshot v1, https://goo.gl/fbAQLP

exports[`Button should render correctly 1`] = `
<View
  accessibilityState={
    {
      "busy": undefined,
      "checked": undefined,
      "disabled": undefined,
      "expanded": undefined,
      "selected": undefined,
    }
  }
  accessibilityValue={
    {
      "max": undefined,
      "min": undefined,
      "now": undefined,
      "text": undefined,
    }
  }
  accessible={true}
  collapsable={false}
  focusable={true}
  onClick={[Function]}
  onResponderGrant={[Function]}
  onResponderMove={[Function]}
  onResponderRelease={[Function]}
  onResponderTerminate={[Function]}
  onResponderTerminationRequest={[Function]}
  onStartShouldSetResponder={[Function]}
  style={
    {
      "alignSelf": "center",
      "backgroundColor": "mediumpurple",
      "borderColor": "mediumpurple",
      "borderRadius": 4,
      "borderWidth": 1,
      "marginBottom": 16,
      "opacity": 1,
      "padding": 8,
      "width": 160,
    }
  }
>
  <Text
    style={
      {
        "color": "white",
        "fontFamily": "RubikBubbles-Regular",
        "fontSize": 20,
        "textAlign": "center",
      }
    }
  >
    My mock button
  </Text>
</View>
`;
